[    0.000 Initializing cgroup subsys cpuset
[    0.000000] Initializing cgroup ubs pu
[    0000]Initiazi cgrp bss cpuat[   .000] nuvesion.4-24-enicbuilddgw-12)(g vsion 5.1016013Ubtu 5.3.1-14ubuntu2.1) ) #43-Ubuntu SMP Wed Jun 8 19:27:37 UTC 2016 (Ubuntu 4.4.0-24.43-generic 4.4.10)
[    0.000000] Command line: BOOT_IMAGE=/boot/vmlinuz-4.4.0-24-generic root=LABEL=cloudimg-rootfs ro console=tty1 console=ttyS0
[    0.000000] KERNEL supported cpus:
[    0.000000]   Intel GenuineIntel
[    0.000000]   AMD AuthenticAMD
[    0.000000]   Centaur CentaurHauls
[    0.000000] x86/fpu: xstate_offset[2]:  576, xstate_sizes[2]:  256
[    0.000000] x86/fpu: Supporting XSAVE feature 0x01: 'x87 floating point registers'
[    0.000000] x86/fpu: Supporting XSAVE feature 0x02: 'SSE registers'
[    0.000000] x86/fpu: Supporting XSAVE feature 0x04: 'AVX registers'
[    0.000000] x86/fpu: Enabled xstate features 0x7, context size is 832 bytes, using 'standard' format.
[    0.000000] x86/fpu: Using 'lazy' FPU context switches.
[    0.000000] e820: BIOS-provided physical RAM map:
[    0.000000] BIOS-e820: [mem 0x0000000000000000-0x000000000009fbff] usable
[    0.000000] BIOS-e820: [mem 0x000000000009fc00-0x000000000009ffff] reserved
[    0.000000] BIOS-e820: [mem 0x00000000000f0000-0x00000000000fffff] reserved
[    0.000000] BIOS-e820: [mem 0x0000000000100000-0x000000003ffeffff] usable
[    0.000000] BIOS-e820: [mem 0x000000003fff0000-0x000000003fffffff] ACPI data
[    0.000000] BIOS-e820: [mem 0x00000000fffc0000-0x00000000ffffffff] reserved
[    0.000000] NX (Execute Disable) protection: active
[    0.000000] SMBIOS 2.5 present.
[    0.000000] Hypervisor detected: KVM
[    0.000000] e820: last_pfn = 0x3fff0 max_arch_pfn = 0x400000000
[    0.000000] x86/PAT: Configuration [0-7]: WB  WC  UC- UC  WB  WC  UC- WT  
[    0.000000] MTRR: Disabled
[    0.000000] CPU MTRRs all blank - virtualized system.
[    0.000000] found SMP MP-table at [mem 0x0009fff0-0x0009ffff] mapped at [ffff88000009fff0]
[    0.000000] Scanning 1 areas for low memory corruption
[    0.000000] RAMDISK: [mem 0x371ae000-0x378cefff]
[    0.000000] ACPI: Early table checksum verification disabled
[    0.000000] ACPI: RSDP 0x00000000000E0000 000024 (v02 VBOX  )
[    0.000000] ACPI: XSDT 0x000000003FFF0030 00003C (v01 VBOX   VBOXXSDT 00000001 ASL  00000061)
[    0.000000] ACPI: FACP 0x000000003FFF00F0 0000F4 (v04 VBOX   VBOXFACP 00000001 ASL  00000061)
[    0.000000] ACPI: DSDT 0x000000003FFF0470 002106 (v01 VBOX   VBOXBIOS 00000002 INTL 20160108)
[    0.000000] ACPI: FACS 0x000000003FFF0200 000040
[    0.000000] ACPI: FACS 0x000000003FFF0200 000040
[    0.000000] ACPI: APIC 0x000000003FFF0240 00005C (v02 VBOX   VBOXAPIC 00000001 ASL  00000061)
[    0.000000] ACPI: SSDT 0x000000003FFF02A0 0001CC (v01 VBOX   VBOXCPUT 00000002 INTL 20160108)
[    0.000000] No NUMA configuration found
[    0.000000] Faking a node at [mem 0x0000000000000000-0x000000003ffeffff]
[    0.000000] NODE_DATA(0) allocated [mem 0x3ffeb000-0x3ffeffff]
[    0.000000] kvm-clock: Using msrs 4b564d01 and 4b564d00
[    0.000000] kvm-clock: cpu 0, msr 0:3ffe7001, primary cpu clock
[    0.000000] kvm-clock: using sched offset of 3109122094 cycles
[    0.000000] clocksource: kvm-clock: mask: 0xffffffffffffffff max_cycles: 0x1cd42e4dffb, max_idle_ns: 881590591483 ns
[    0.000000] Zone ranges:
[    0.000000]   DMA      [mem 0x0000000000001000-0x0000000000ffffff]
[    0.000000]   DMA32    [mem 0x0000000001000000-0x000000003ffeffff]
[    0.000000]   Normal   empty
[    0.000000]   Device   empty
[    0.000000] Movable zone start for each node
[  00000 Elymeryod rans[    0000]   ne 0: [mem 0x000000001000-0x000000ef]
[  0.0000  de  0:me0x00000000000-0000003fff]
[  0.0000Inme setupod0 [mem 0000000010-x00003feff][   .0000] APIPMTimerO rt: 0x4008
[    0.000000] IOAPIC[0]: apic_id 2, version 17, address 0xfec00000, GSI 0-23
[    0.000000] ACPI: INT_SRC_OVR (bus 0 bus_irq 0 global_irq 2 dfl dfl)
[    0.000000] ACPI: INT_SRC_OVR (bus 0 bus_irq 9 global_irq 9 high level)
[    0.000000] Using ACPI (MADT) for SMP configuration information
[    0.000000] smpboot: Allowing 2 CPUs, 0 hotplug CPUs
[    0.000000] PM: Registered nosave memory: [mem 0x00000000-0x00000fff]
[    0.000000] PM: Registered nosave memory: [mem 0x0009f000-0x0009ffff]
[    0.000000] PM: Registered nosave memory: [mem 0x000a0000-0x000effff]
[    0.000000] PM: Registered nosave memory: [mem 0x000f0000-0x000fffff]
[    0.000000] e820: [mem 0x40000000-0xfffbffff] available for PCI devices
[    0.000000] Booting paravirtualized kernel on KVM
[    0.000000] clocksource: refined-jiffies: mask: 0xffffffff max_cycles: 0xffffffff, max_idle_ns: 7645519600211568 n
   0.00000seuperu:NRPU25 nr_umk_it25nrcpu_ds nnode_i:1
[  0.000] PCP Ebeddd 33 pescpu ff803fc0009808 r8192 288 1048576
[    0.000000] PV qspinlock hash table entries: 256 (order: 0, 4096 bytes)
[    0.000 Bui 1onelis iNoderd, obilitgruping on.  otl ge: 2573[    0.000000] Policy zone: DMA32
[    0.000000] Kernel command line: BOOT_IMAGE=/boot/vmlinuz-4.4.0-24-generic root=LABEL=cloudimg-rootfs ro console=tty1 console=ttyS0
[    0.000000] PID hash table entries: 4096 (order: 3, 32768 bytes)
[    0.000000] Memory: 1005344K/1048120K available (8361K kernel code, 1278K rwdata, 3920K rodata, 1480K init, 1292K bss, 42776K reserved, 0K cma-reserved)
[    0.000000] SLUB: HWalign=64, Order=0-3, MinObjects=0, CPUs=2, Nodes=1
[    0.000000] Hierarchical RCU implementation.
[    0.000000] 	Build-time adjustment of leaf fanout to 64.
[    0.000000] 	RCU restricting CPUs from NR_CPUS=256 to nr_cpu_ids=2.
[    0.000000] RCU: Adjusting geometry for rcu_fanout_leaf=64, nr_cpu_ids=2
[    0.000000] NR_IRQS:16640 nr_irqs:440 16
[    0.000000] Console: colour VGA+ 80x25
[    0.000000] console [tty1] enabled
[    0.000000] console [ttyS0] enabled
[    0.000000] tsc: Detected 2394.458 MHz processor
[    3.490194] Calibrating delay loop (skipped) preset value.. 4788.91 BogoMIPS (lpj=9577832)
[    3.491371] pid_max: default: 32768 minimum: 301
[    3.492032] ACPI: Core revision 20150930
[    3.493397] ACPI: 2 ACPI AML tables successfully acquired and loaded
[    3.494322] Security Framework initialized
[    3.494905] Yama: becoming mindful.
[    3.495444] AppArmor: AppArmor initialized
[    3.496122] Dentry cache hash table entries: 131072 (order: 8, 1048576 bytes)
[    3.497164] Inode-cache hash table entries: 65536 (order: 7, 524288 bytes)
[    3.498490] Mount-cache hash table entries: 2048 (order: 2, 16384 bytes)
[    3.499313] Mountpoint-cache hash table entries: 2048 (order: 2, 16384 bytes)
[    3.500326] Initializing cgroup subsys io
[    3.500910] Initializing cgroup subsys memory
[    3.501521] Initializing cgroup subsys devices
[    3.502153] Initializing cgroup subsys freezer
[    3.502769] Initializing cgroup ubsys net_cls
[    3.513825] Initializing cgroup subsys perf_event
[    3.514476] Initializing cgroup subsys net_prio
[    3.515099] Initializing cgroup subsys hugetlb
[    3.515728] Initializing cgroup subsys pids
[    3.516391] CPU: Physical Processor ID: 0
[    3.516968] CPU: Processor Core ID: 0
[    3.518286] mce: CPU supports 0 MCE banks
[    3.518877] Last level iTLB entries: 4KB 1024, 2MB 1024, 4MB 1024
[    3.519639] Last level dTLB entries: 4KB 1024, 2MB 1024, 4MB 1024, 1GB 4

[    3.522018] Freeing SMP alternatives memory: 28K (ffffffff820b3000 - ffffffff820ba000)
[    3.529565] ftrace: allocating 31907 entries in 125 pages
[    3.562825] smpboot: Max logical packages: 1
[    3.566230] smpboot: APIC(0) Converting physical 0 to logical package 0
[    3.568119] ..TIMER: vector=0x30 apic1=0 pin1=2 apic2=-1 pin2=-1
[    3.673543] smpboot: CPU0: Intel(R) Core(TM) i7-4700HQ CPU @ 2.40GHz (family: 0x6, model: 0x3c, stepping: 0x3)
[    3.678929] Performance Events: unsupported p6 CPU model 60 no PMU driver, software events only.
[    3.682058] KVM setup paravirtual spinlock
[    3.683223] x86: Booting SMP configuration:
[    3.683844] .... node  #0, CPUs:      #1
[    3.684518] kvm-clock: cpu 1, msr 0:3ffe7041, secondary cpu clock
[    3.686967] mce: CPU supports 0 MCE banks
[    3.689298] x86: Booted up 1 node, 2 CPUs
[    3.690070] smpboot: Total of 2 processors activated (9577.83 BogoMIPS)
[    3.691285] devtmpfs: initialized
[    3.692975] evm: security.selinux
[    3.693516] evm: security.SMACK64
[    3.694059] evm: security.SMACK64EXEC
[    3.694609] evm: security.SMACK64TRANSMUTE
[    3.695197] evm: security.SMACK64MMAP
[    3.695763] evm: security.ima
[    3.696241] evm: security.capability
[    3.697015] clocksource: jiffies: mask: 0xffffffff max_cycles: 0xffffffff, max_idle_ns: 7645041785100000 ns
[    3.698497] pinctrl core: initialized pinctrl subsystem
[    3.699281] RTC time: 21:20:31, date: 06/10/16
[    3.700470] NET: Registered protocol family 16
[    3.709687] cpuidle: using governor ladder
[    3.721812] cpuidle: using governor menu
[    3.722601] PCCT header not found.
[    3.723324] ACPI: bus type PCI registered
[    3.723966] acpiphp: ACPI Hot Plug PCI Controller Driver version: 0.5
[    3.724852] PCI: Using configuration type 1 for base access
[    3.739136] ACPI: Added _OSI(Module Device)
[    3.739878] ACPI: Added _OSI(Processor Device)
[    3.740569] ACPI: Added _OSI(3.0 _SCP Extensions)
[    3.741222] ACPI: Added _OSI(Processor Aggregator Device)
[    3.742506] ACPI: Executed 1 blocks of module-level executable AML code
[    3.744961] ACPI: Interpreter enabled
[    3.745510] ACPI Exception: AE_NOT_FOUND, While evaluating Sleep State [\_S1_] (20150930/hwxface-580)
[    3.746873] ACPI Exception: AE_NOT_FOUND, While evaluating Sleep State [\_S2_] (20150930/hwxface-580)
[    3.748197] ACPI Exception: AE_NOT_FOUND, While evaluating Sleep State [\_S3_] (20150930/hwxface-580)
[    3.749496] ACPI Exception: AE_NOT_FOUND, While evaluating Sleep State [\_S4_] (20150930/hwxface-580)
[    3.750857] ACPI: (supports S0 S5)
[    3.751374] ACPI: Using IOAPIC for interrupt routing
[    3.752151] PCI: Using host bridge windows from ACPI; if necessary, use "pci=nocrs" and report a bug
[    3.756082] ACPI: PCI Root Bridge [PCI0] (domain 0000 [bus 00-ff])
[    3.923634] acpi PNP0A03:00: _OSC: OS supports [ASPM ClockPM Segments MSI]
[    4.128400] acpi PNP0A03:00: _OSC failed (AE_NOT_FOUND); disabling ASPM
[    4.293382] acpi PNP0A03:00: fail to add MMCONFIG information, can't access extended PCI configuration space under this bridge.
[    4.295031] PCI host bridge to bus 0000:00
[    4.295615] pci_bus 0000:00: root bus resource [io  0x0000-0x0cf7 window]
[    4.296503] pci_bus 0000:00: root bus resource [io  0x0d00-0xffff window]
[    4.297364] pci_bus 0000:00: root bus resource [mem 0x000a0000-0x000bffff window]
[    4.298451] pci_bus 0000:00: root bus resource [mem 0x40000000-0xffdfffff window]
[    4.299505] pci_bus 0000:00: root bus resource [bus 00-ff]
[    4.307614] pci 0000:00:01.1: legacy IDE quirk: reg 0x10: [io  0x01f0-0x01f7]
[    4.309532] pci 0000:00:01.1: legacy IDE quirk: reg 0x14: [io  0x03f6]
[    4.310356] pci 0000:00:01.1: legacy IDE quirk: reg 0x18: [io  0x0170-0x0177]
[    4.311235] pci 0000:00:01.1: legacy IDE quirk: reg 0x1c: [io  0x0376]
[    4.334948] ACPI: PCI Interrupt Link [LNKA] (IRQs 5 9 10 11) *0, disabled.
[    4.415939] ACPI: PCI Interrupt Link [LNKB] (IRQs 5 9 10 *11)
[    4.428560] ACPI: PCI Interrupt Link [LNKC] (IRQs 5 9 *10 11)
[    4.579206] ACPI: PCI Interrupt Link [LNKD] (IRQs 5 *9 10 11)
[    4.735125] ACPI: Enabled 2 GPEs in block 00 to 07
[    4.862298] vgaarb: setting as boot device: PCI:0000:00:02.0
[    5.020250] vgaarb: device added: PCI:0000:00:02.0,decodes=io+mem,owns=io+mem,locks=none
[    5.026674] vgaarb: loaded
[    5.027134] vgaarb: bridge control possible 0000:00:02.0
[    5.028109] SCSI subsystem initialized
[    5.028809] ACPI: bus type USB registered
[    5.029416] usbcore: registered new interface driver usbfs
[    5.030126] usbcore: registered new interface driver hub
[    5.030830] usbcore: registered new device driver usb
[    5.031727] PCI: Using ACPI for IRQ routing
[    5.032533] NetLabel: Initializing
[    5.033054] NetLabel:  domain hash size = 128
[    5.092407] NetLabel:  protocols = UNLABELED CIPSOv4
[    5.093075] NetLabel:  unlabeled traffic allowed by default
[    5.093942] clocksource: Switched to clocksource kvm-clock
[    5.166144] AppArmor: AppArmor Filesystem Enabled
[    5.178549] pnp: PnP ACPI init
[    5.179587] pnp: PnP ACPI: found 3 devices
[   5.189343] clocksource: acpi_pm: mask: 0xffffff max_cycles: 0xffffff, max_idle_ns: 2085701024 ns
[    5.211022] NET: Registered protocol family 2

[    5.211804] TCP established hash table entries: 8192 (order: 4, 65536 bytes)
[    5.212671] TCP bind hash table entries: 8192 (order: 5, 131072 bytes)
[    5.213490] TCP: Hash tables configured (established 8192 bind 8192)
[    5.214301] UDP hash table entries: 512 (order: 2, 16384 bytes)
[    5.215051] UDP-Lite hash table entries: 512 (order: 2, 16384 bytes)
[    5.215867] NET: Registered protocol family 1
[    5.216484] pci 0000:00:00.0: Limiting direct PCI/PCI transfers
[    5.217243] pci 0000:00:01.0: Activating ISA DMA hang workarounds
[    5.218499] Trying to unpack rootfs image as initramfs...
[    6.201562] Freeing initrd memory: 7300K (ffff8800371ae000 - ffff8800378cf000)
[    6.531467] RAPL PMU detected, API unit is 2^-32 Joules, 4 fixed counters 10737418240 ms ovfl timer
[    6.532732] hw unit of domain pp0-core 2^-0 Joules
[    6.533398] hw unit of domain package 2^-0 Joules
[    6.534056] hw unit of domain dram 2^-0 Joules
[    6.534710] hw unit of domain pp1-gpu 2^-0 Joules
[    6.535428] platform rtc_cmos: registered platform RTC device (no PNP device found)
[    6.538767] Scanning for low memory corruption every 60 seconds
[    6.540144] futex hash table entrees: 512 (order: 3, 32768 bytes)
[   77008888]]aaddtt  initializing netlink subsys (disabled)
[    7.578353] tsc: Refined TSC clocksource calibration: 2393.732 MHz
[    7.584650] clocksource: tsc: mask: 0xffffffffffffffff max_cycles: 0x2281166035e, max_idle_ns: 440795228864 ns
[    7.584709] audit: type=2000 audit(1465593635.166:1): initialized
ÿ[    7.584973] Initialise system trusted keyring
[    7.585072] HugeTLB registered 2 MB page size, pre-allocated 0 pages
[    7.586287] zbud: loaded
[    7.586439] VFS: Disk quotas dquot_6.6.0
[    7.586463] VFS: Dquot-cache hash table entries: 512 (order 0, 4096 bytes)
[    7.591762] fuse init (API version 7.23)
[    7.591882] Key type big_key registered
[    7.591900] Allocating IMA MOK and blacklist keyrings.
[    7.592088] Key type asymmetric registered
[    7.592094] Asymmetric key parser 'x509' registered
[    7.592126] Block layer SCSI generic (bsg) driver version 0.4 loaded (major 249)
[    7.592146] io scheduler noop registered
[    7.592149] io scheduler deadline registered (default)
[    7.592173] io scheduler cfq registered
[    7.592256] pci_hotplug: PCI Hot Plug PCI Core version: 0.5
[    7.592260] pciehp: PCI Express Hot Plug Controller Driver version: 0.4
[    7.592380] ACPI: AC Adapter [AC] (on-line)
[    7.592431] input: Power Button as /devices/LNXSYSTM:00/LNXPWRBN:00/input/input0
[    7.592434] ACPI: Power Button [PWRF]
[    7.592484] input: Sleep Button as /devices/LNXSYSTM:00/LNXSLPBN:00/input/input1
[    7.592486] ACPI: Sleep Button [SLPF]
[    7.592617] GHES: HEST is not enabled!
[    7.592695] Serial: 8250/16550 driver, 32 ports, IRQ sharing enabled
[    8.179176] 00:02: ttyS0 at I/O 0x3f8 (irq = 4, base_baud = 115200) is a 16550A
[    8.180646] Linux agpgart interface v0.103
[    8.183289] brd: module loaded
[    8.183935] loop: module loaded
[    8.184357] scsi host0: ata_piix
[    8.184404] scsi host1: ata_piix
[    8.184429] ata1: PATA max UDMA/33 cmd 0x1f0 ctl 0x3f6 bmdma 0xd000 irq 14
[    8.184430] ata2: PATA max UDMA/33 cmd 0x170 ctl 0x376 bmdma 0xd008 irq 15
[    8.184492] libphy: Fixed MDIO Bus: probed
[    8.184495] tun: Universal TUN/TAP device driver, 1.6
[    8.184495] tun: (C) 1999-2004 Max Krasnyansky <maxk@qualcomm.com>
[    8.184523] PPP generic driver version 2.4.2
[    8.184565] ehci_hcd: USB 2.0 'Enhanced' Host Controller (EHCI) Driver
[    8.184568] ehci-pci: EHCI PCI platform driver
[    8.184581] ehci-platform: EHCI generic platform driver
[    8.184588] ohci_hcd: USB 1.1 'Open' Host Controller (OHCI) Driver
[    8.184591] ohci-pci: OHCI PCI platform driver
[    8.184598] ohci-platform: OHCI generic platform driver
[    8.184605] uhci_hcd: USB Universal Host Controller Interface driver
[    8.184650] i8042: PNP: PS/2 Controller [PNP0303:PS2K,PNP0f03:PS2M] at 0x60,0x64 irq 1,12
[    8.185154] serio: i8042 KBD port at 0x60,0x64 irq 1
[    8.185157] serio: i8042 AUX port at 0x60,0x64 irq 12
[    8.185239] mousedev: PS/2 mouse device common for all mice
[    8.185484] input: AT Translated Set 2 keyboard as /devices/platform/i8042/serio0/input/input2
[    8.185750] rtc_cmos rtc_cmos: rtc core: registered rtc_cmos as rtc0
[    8.185840] rtc_cmos rtc_cmos: alarms up to one day, 114 bytes nvram
[    8.185845] i2c /dev entries driver
[    8.185893] device-mapper: uevent: version 1.0.3
[    8.185935] device-mapper: ioctl: 4.34.0-ioctl (2015-10-28) initialised: dm-devel@redhat.com
[    8.185948] ledtrig-cpu: registered to indicate activity on CPUs
[    8.186179] NET: Registered protocol family 10
[    8.186314] NET: Registered protocol family 17
[    8.186321] Key type dns_resolver registered
[    8.186432] microcode: CPU0 sig=0x306c3, pf=0x40, revision=0x0
[    8.187200] microcode: CPU1 sig=0x306c3, pf=0x40, revision=0x0
[    8.187222] microcode: Microcode Update Driver: v2.01 <tigran@aivazian.fsnet.co.uk>, Peter Oruba
[    8.187325] registered taskstats version 1
[    8.187341] Loading compiled-in X.509 certificates
[    8.187928] Loaded X.509 cert 'Build time autogenerated kernel key: 73e2b8be326740e2e7feadd5601517c5df343108'
[    8.187942] zswap: loaded using pool lzo/zbud
[    8.188459] ACPI: Battery Slot [BAT0] (battery present)
[    8.190061] Key type trusted registered
[    8.191898] Key type encrypted registered
[    8.191902] AppArmor: AppArmor sha1 policy hashing enabled
[    8.191904] ima: No TPM chip found, activating TPM-bypass!
[    8.191920] evm: HMAC attrs: 0x1
[    8.192125]   Magic number: 4:251:348
[    8.302345] rtc_cmos rtc_cmos: setting system clock to 2016-06-10 21:20:36 UTC (1465593636)
[    8.302416] BIOS EDD facility v0.16 2004-Jun-25, 0 devices found
[    8.302416] EDD information not available.
[    8.379649] Freeing unused kernel memory: 1480K (ffffffff81f41000 - ffffffff820b3000)
[    8.415268] Write protecting the kernel read-only data: 14336k
[    8.585042] Freeing unused kernel memory: 1868K (ffff88000182d000 - ffff880001a00000)
[    8.633735] Freeing unused kernel memory: 176K (ffff880001dd4000 - ffff880001e00000)
Loading, please wait...
starting version[    8.646181] random: systemd-udevd urandom read with 2 bits of entropy available
 229
[    9.426147] e1000: Intel(R) PRO/1000 Network Driver - version 7.3.21-k8-NAPI
[   10.038350] e1000: Copyright (c) 1999-2006 Intel Corporation.
[   10.573135] Fusion MPT base driver 3.04.20
[   10.764334] Copyright (c) 1999-2008 LSI Corporation
[   10.770555] Fusion MPT SPI Host driver 3.04.20
[   10.971120] input: ImExPS/2 Generic Explorer Mouse as /devices/platform/i8042/serio1/input/input4
[   11.140915] e1000 0000:00:03.0 eth0: (PCI:33MHz:32-bit) 02:43:bc:fa:c0:22
[   11.140919] e1000 0000:00:03.0 eth0: Intel(R) PRO/1000 Network Connection
[   11.141454] mptbase: ioc0: Initiating bringup
[   11.202156] ioc0: LSI53C1030 A0: Capabilities={Initiator}
[   11.368659] scsi host2: ioc0: LSI53C1030 A0, FwRev=00000000h, Ports=1, MaxQ=256, IRQ=20
[   11.874372] scsi 2:0:0:0: Direct-Access     VBOX     HARDDISK         1.0  PQ: 0 ANSI: 5
[   11.909664] scsi target2:0:0: Beginning Domain Validation
[   11.912047] scsi target2:0:0: Domain Validation skipping write tests
[   11.913123] scsi target2:0:0: Ending Domain Validation
[   11.913950] scsi target2:0:0: asynchronous
[   11.914893] scsi 2:0:1:0: Direct-Access     VBOX     HARDDISK         1.0  PQ: 0 ANSI: 5
[   11.916042] scsi target2:0:1: Beginning Domain Validation
[   11.919165] scsi target2:0:1: Domain Validation skipping write tests
[   11.920074] scsi target2:0:1: Ending Domain Validation
[   11.920903] scsi target2:0:1: asynchronous
[   11.927808] sd 2:0:0:0: [sda] 20971520 512-byte logical blocks: (10.7 GB/10.0 GiB)
[   11.927883] sd 2:0:0:0: Attached scsi generic sg0 type 0
[   11.941534] sd 2:0:0:0: [sda] Write Protect is off
[   11.943491] sd 2:0:1:0: [sdb] 20480 512-byte logical blocks: (10.5 MB/10.0 MiB)
[   11.947660] sd 2:0:1:0: Attached scsi generic sg1 type 0
[   11.949756] sd 2:0:0:0: [sda] Incomplete mode parameter data
[   11.950608] sd 2:0:0:0: [sda] Assuming drive cache: write through
[   11.951501] sd 2:0:1:0: [sdb] Write Protect is off
[   11.952568] sd 2:0:1:0: [sdb] Incomplete mode parameter data
[   11.953407] sd 2:0:1:0: [sdb] Assuming drive cache: write through
[   11.969232]  sda: sda1
[   11.977524] sd 2:0:0:0: [sda] Attached SCSI disk
[   12.008334] sd 2:0:1:0: [sdb] Attached SCSI disk
[   12.267182] e1000 0000:00:08.0 eth1: (PCI:33MHz:32-bit) 08:00:27:d5:2b:b7
[   12.280071] e1000 0000:00:08.0 eth1: Intel(R) PRO/1000 Network Connection
[   12.282352] e1000 0000:00:08.0 enp0s8: renamed from eth1
[   12.308142] e1000 0000:00:03.0 enp0s3: renamed from eth0
[   13.846350] floppy0: no floppy controllers found
Begin: Loading e[   15.157107] md: linear personality registered for level -1
ssential drivers ... [   15.760931] md: multipath personality registered for level -4
[   15.765066] md: raid0 personality registered for level 0
[   15.769229] md: raid1 personality registered for level 1
[   16.158398] raid6: sse2x1   gen() 10430 MB/s
[   16.630149] raid6: sse2x1   xor()  8002 MB/s
[   16.907936] raid6: sse2x2   gen() 11583 MB/s
[   17.215774] raid6: sse2x2   xor()  8524 MB/s
[   17.671755] raid6: sse2x4   gen() 15342 MB/s
[   18.217961] raid6: sse2x4   xor()  9632 MB/s
[   18.220308] raid6: using algorithm sse2x4 gen() 15342 MB/s
[   18.678607] raid6: .... xor() 9632 MB/s, rmw enabled
[   18.698583] raid6: using ssse3x2 recovery algorithm
[   18.700607] xor: automatically using best checksumming function:
[   18.741998]    avx       : 20810.000 MB/sec
[   18.749039] async_tx: api initialized (async)
[   18.756647] md: raid6 personality registered for level 6
[   18.758691] md: raid5 personality registered for level 5
[   18.759473] md: raid4 personality registered for level 4
[   18.767528] md: raid10 personality registered for level 10
done.
Begin: Running /scripts/init-premount ... done.
Begin: Mounting root file system ... Begin: Running /scripts/local-top ... done.
Begin: Running /scripts/local-premount ... [   18.806055] Btrfs loaded
Scanning for Btrfs filesystems
done.
Warning: fsck not present, so skipping root file system
[   19.109282] EXT4-fs (sda1): mounted filesystem with ordered data mode. Opts: (null)
done.
Begin: Running /scripts/local-bottom ... done.
Begin: Running /scripts/init-bottom ... Warning: overlayroot: debug is busted
done.
[   19.460415] systemd[1]: systemd 229 running in system mode. (+PAM +AUDIT +SELINUX +IMA +APPARMOR +SMACK +SYSVINIT +UTMP +LIBCRYPTSETUP +GCRYPT +GNUTLS +ACL +XZ -LZ4 +SECCOMP +BLKID +ELFUTILS +KMOD -IDN)
[   20.162555] systemd[1]: Detected virtualization oracle.
[   20.168596] systemd[1]: Detected architecture x86-64.

Welcome to [1mUbuntu 16.04 LTS[0m!

[   20.206114] systemd[1]: Set hostname to <ubuntu>.
[   20.347776] systemd[1]: Initializing machine ID from random generator.
[   20.368772] systemd[1]: Installed transient /etc/machine-id file.
[   007755884] systemd[1]: Reached target Swap.
[[0;32m  OK  [0m] Reached target Swap.
[   21.230295] systemd[1]: Listening on Syslog Socket.
[[0;32m  OK  [0m] Listening on Syslog Socket.
[   21.430337] systemd[1]: Created slice System Slice.
[[0;32m  OK  [0m] Created slice System Slice.
[   21.431784] systemd[1]: Created slice system-serial\x2dgetty.slice.
[[0;32m  OK  [0m] Created slice system-serial\x2dgetty.slice.
[   21.433444] systemd[1]: Created slice system-getty.slice.
[[0;32m  OK  [0m] Created slice system-getty.slice.
[   21.610332] systemd[1]:LListening on Journal Socket.
[[0;32m  OK  [0m] Listening on Journal Socket.
[   22.174232] systemd[1]: Mounting POSIX Message Queue File System...
[   22.183047] random: nonblocking pool is iiitialized
         Mounting POSIX Message Queue File System...
[   22.606239] systemd[1]: Starting Nameserver information manager...
         Starting Nameserver information manager...
[   23.133475] systemd[1]: Mounting Debug File System...
         Mounting Debug File System...
[   23.535033] systemd[1]: Starting Uncomplicated firewall...
         Starting Uncomplicated firewall...
[   23.724452] systemd[1]: Listening on LVM2 metadata daemon socket.
[[0;32m  OK  [0m] Listening on LVM2 metadata daemon socket.
[   23.726641] systemd[1]: Created slice User and Session Slice.
[[0;32m  OK  [0m] Created slice User and Session Slice.
[   23.728292] systemd[1]: Reached target Slices.
[[0;32m  OK  [0m] Reached target Slices.
[   23.729662] systemd[1]: Listening on Journal Audit Socket.
[[0;32m  OK  [0m] Listening on Journal Audit Socket.
[   23.731092] systemd[1]: Reached target User and Group Name Lookups.
[[0;32m  OK  [0m] Reached target User and Group Name Lookups.
[   23.732700] systemd[1]: Listening on udev Kernel Socket.
[[0;32m  OK  [0m] Listening on udev Kernel Socket.
[   23.734192] systemd[1]: Set up automount Arbitrary Executable File Formats File System Automount Point.
[[0;32m  OK  [0m] Set up automount Arbitrary Executab...ats File System Automount Point.
[   23.736871] systemd[1]: Starting Remount Root and Kernel File Syttmm....

[   23.748160] EXT4-fs (sda1): re-mounte..OOtt::((null
         Starting Remount Root and Kernel File Systems...
[   24.546368] systemd[1]: Listening on Device-mapper event daemon FIFOs.
[[0;32m  OK  [0m] Listening on Device-mapper event daemon FIFOs.
[   24.558213] systemd[1]: Starting Monitoring of LVM2 mirrors, snapshots etc. using dmeventd or progress polling...
         Starting Monitoring of LVM2 mirrors... dmeventd or progress polling...
[   24.581912] systemd[1]: Mounting Huge Pages File System...
         Mounting Huge Pages File System...
[   24.591065] systemd[1]: Listening on LVM2 poll daemon socket.
[[0;32m  OK  [0m] Listening on LVM2 poll daemon socket.
[   24.593387] systemd[1]: Starting Create list of required static device nodes for the current kernel...
         Starting Create list of required st... nodes for the current kernel...
[   24.630525] systemd[1]: Starting Load Kernel Modules...
         Startin[   24.866957] Loading iSCSI transport class v2.0-870.
g Load Kernel Modules...
[   25.026174] systemd[1]: Listening on Journal Socket (/dev/log).
[[0;32m  OK  [[   25.279902] iscsi: registered transport (tcp)
0m] Listening on Journal Socket (/dev/log).
[   25.438221] systemd[1]: Listening on udev Control Socket.
[[0;32m  OK  [0[   25.650831] iscsi: registered transport (iser)
m] Listening on udev Control Socket.
[   25.656132  systemd[1]: Started Forward Password Requests to Wall Directory Watch.
[[0;32m  OK  [0m] Started Forward Password Requests to Wall Directory Watch.
[   26.122167] systemd[1]: Starting Journal Service...
         Starting Journal Service...
[   26.132263] systemd[1]: Reached target Encrypted Volumes.
[[0;32m  OK  [0m] Reached target Encrypted Volumes.
[   26.134168] systemd[1]: Listening on /dev/initctl Compatibility Named Pipe.
[[0;32m  OK  [0m] Listening on /dev/initctl Compatibility Named Pipe.
[   26.137371]sssseedd11:: Mounted Huge Pages File System.
[[0;32m  OK  [0m] Mounted Huge Pages File System.
[   26.482322] systemd[1]: Mounted Debug File System.
[[0;32m  OK  [0m] Mounted Debug File System.
[   26.709198] systemd[1]: Mounted POSIX Message Queue File System.
[[0;32m  OK  [0m] Mounted POSIX Message Queue File System.
[   26.726289] systemd[1]: Started Journal Service.
[[0;32m  OK  [0m] Started Journal Service.
[[0;32m  OK  [0m] Started Uncomplicated firewall.
[[0;32m  OK  [0m] Started Remount Root and Kernel File Systems.
[[0;32m  OK  [0m] Started Create list of required sta...ce nodes for the current kernel.
[[0;32m  OK  [0m] Started Load Kernel Modules.
[[0;32m  OK  [0m] Started Nameserver information manager.
[[0;32m  OK  [0m] Started LVM2 metadata daemon.
         Mounting FUSE Control File System...
         Starting Apply Kernel Variables...
         Starting Create Static Device Nodes in /dev...
         Starting Load/Save Random Seed...
         Starting udev Coldplug all Devices...
         Starting Flush Journal to Persistent Storage...
[[0;32m  OK  [0m] Mounted FUSE Control File System.
[   26.961612] systemd-journald[415]: Received request to flush runtime journal from PID 1
[[0;32m  OK  [0m] Started Create Static Device Nodes in /dev.
[[0;32m  OK  [0m] Started Apply Kernel Variables.
[[0;32m  OK  [0m] Started Load/Save Random Seed.
[[0;32m  OK  [0m] Started Flush Journal to Persistent Storage.
[[0;32m  OK  [0m] Started udev Coldplug all Devices.
         Starting udev Kernel Device Manager...
[[0;32m  OK  [0m] Started Monitoring of LVM2 mirrors,...ng dmeventd or progress polling.
[[0;32m  OK  [0m] Started udev Kernel Device Manager.
[[0;32m  OK  [0m] Reached target Local File Systems (Pre).
[[0;32m  OK  [0m] Reached target Local File Systems.
         Starting LSB: AppArmor initialization...
         Starting Create Volatile Files and Directories...
         Starting Initial cloud-init job (pre-networking)...
         Starting Commit a transient machine-id on disk...
         Starting Tell Plymouth To Write Out Runtime Data...
         Starting Set console keymap...
[[0;32m  OK  [0m] Started Dispatch Password Requests to Console Directory Watch.
[[0;32m  OK  [0m] Started Create Volatile Files and Directories.
         Starting Network Time Synchronization...
         Starting Update UTMP about System Boot/Shutdown...
[[0;32m  OK  [0m] Started Commit a transient machine-id on disk.
[[0;32m  OK  [0m] Started Update UTMP about System Boot/Shutdown.
[[0;32m  OK  [0m] Started Tell Plymouth To Write Out Runtime Data.
[[0;32m  OK  [0m] Started Network Time Synchronization.
[[0;32m  OK  [0m] Reached target System Time Synchronized.
[[0;32m  OK  [0m] Found device /dev/ttyS0.
[[0;32m  OK  [0m] Started Set console keymap.
[[0;32m  OK  [0m] Listening on Load/Save RF Kill Switch Status /dev/rfkill Watch.
[[0;32m  OK  [0m] Started LSB: AppArmor initialization.
[[0;32m  OK  [0m] Reached target System Initialization.
         Starting LXD - unix socket.
[[0;32m  OK  [0m] Listening on UUID daemon activation socket.
[[0;32m  OK  [0m] Started ACPI Events Check.
         Starting Socket activation for snappy daemon.
[[0;32m  OK  [0m] Listening on ACPID Listen Socket.
[[0;32m  OK  [0m] Started Daily Cleanup of Temporary Directories.
[[0;32m  OK  [0m] Listening on D-Bus System Message Bus Socket.
[[0;32m  OK  [0m] Started Trigger resolvconf update for networkd DNS.
[[0;32m  OK  [0m] Reached target Paths.
[[0;32m  OK  [0m] Started Daily apt activities.
[[0;32m  OK  [0m] Reached target Timers.
[[0;32m  OK  [0m] Listening on LXD - unix socket.
[[0;32m  OK  [0m] Listening on Socket activation for snappy daemon.
[[0;32m  OK  [0m] Reached target Sockets.
[[0;32m  OK  [0m] Reached target Basic System.
         Starting LSB: MD monitoring daemon...
         Starting Accounts Service...
[[0;32m  OK  [0m] Started D-Bus System Message Bus.
[[0;32m  OK  [0m] Started ACPI event daemon.
         Starting System Logging Service...
         Starting Login Service...
[[0;32m  OK  [0m] Started Deferred execution scheduler.
[[0;32m  OK  [0m] Started FUSE filesystem for LXC.
         Starting LSB: Record successful boot for GRUB...
[[0;32m  OK  [0m] Started Regular background program processing daemon.
         Starting LXD - container startup/shutdown...
         Starting Authenticate and Authorize Users to Run Privileged Tasks...
[[0;32m  OK  [0m] Started System Logging Service.
[[0;32m  OK  [0m] Started Login Service.
[[0;32m  OK  [0m] Started LSB: MD monitoring daemon.
[[0;32m  OK  [0m] Started LSB: Record successful boot for GRUB.
[[0;32m  OK  [0m] Started Authenticate and Authorize Users to Run Privileged Tasks.
[[0;32m  OK  [0m] Started Accounts Service.
[[0;32m  OK  [0m] Started LXD - container startup/shutdown.
[   26.435232] cloud-init[487]: Cloud-init v. 0.7.7 running 'init-local' at Fri, 10 Jun 2016 21:20:59 +0000. Up 25.96 seconds.
[[0;32m  OK  [0m] Started Initial cloud-init job (pre-networking).
[[0;32m  OK  [0m] Reached target Network (Pre).
         Starting Raise network interfaces...
[[0;32m  OK  [0m] Started ifup for enp0s3.
[[0;32m  OK  [0m] Found device 82540EM Gigabit Ethern...r (PRO/1000 MT Desktop Adapter).
[[0;32m  OK  [0m] Started Raise network interfaces.
         Starting Initial cloud-init job (metadata service crawler)...
[[0;32m  OK  [0m] Reached target Network.
[   28.591696] cloud-init[975]: Cloud-init v. 0.7.7 running 'init' at Fri, 10 Jun 2016 21:21:00 +0000. Up 27.47 seconds.
[   28.656368] [cloud-init[0;32m  OK  [0m[975]: ] ci-info: ++++++++++++++++++++++++++++++++++++++Net device info++++++++++++++++++++++++++++++++++++++Started Initial cloud-init job (metadata service crawler).

[   28.656719] cloud-init[975]: ci-info: +--------+-------+----------------------------+---------------+-------+-------------------+
[   28.872346] [cloud-init[0;32m  OK  [0m[975]: ] ci-info: | Device |   Up  |          Address           |      Mask     | Scope |     Hw-Address    |Reached target Network is Online.

[   28.872722] cloud-init[975]: ci-info: +--------+-------+----------------------------+---------------+-------+-------------------+
[   28.964925]          cloud-initStarting iSCSI initiator daemon (iscsid)...[975]: 
ci-info: | enp0s8 | False |             .              |       .       |   .   | 08:00:27:d5:2b:b7 |
[   28.973362]          cloud-initStarting Seed the pseudo random number generator on first boot...[975]: 
ci-info: |   lo   |  True |         127.0.0.1          |   255.0.0.0   |   .   |         .         |
         Starting /etc/rc.local Compatibility...
[[0;32m  OK  [0m] Reached target Cloud-config availability.
[   28.983137] cloud-init[975]: ci-info: |   lo   |  True |          ::1/128           |       .       |  host |         .         |
         Starting Apply the settings specified in cloud-config...
[   28.997240] cloud-init[975]: ci-info: | enp0s3 |  True |         10.0.2.15          | 255.255.255.0 |   .   | 02:43:bc:fa:c0:22 |
[   29.007170] [cloud-init[0;32m  OK  [0m[975]: ] ci-info: | enp0s3 |  True | fe80::43:bcff:fefa:c022/64 |       .       |  link | 02:43:bc:fa:c0:22 |Started /etc/rc.local Compatibility.

[   29.007401] cloud-init[975]: ci-info: +--------+-------+----------------------------+---------------+-------+-------------------+
[   29.045874] cloud-init[975]: ci-info: +++++++++++++++++++++++++++Route IPv4 info++++++++++++++++++++++++++++
[   29.077124] [cloud-init[0;32m  OK  [0m[975]: ] ci-info: +-------+-------------+----------+---------------+-----------+-------+Started iSCSI initiator daemon (iscsid).

[   29.077345] cloud-init[975]: ci-info: | Route | Destination | Gateway  |    Genmask    | Interface | Flags |
[   29.107643] cloud-init[975]: ci-info: +-------+-------------+----------+---------------+-----------+-------+
[   29.160271]          cloud-initStarting Login to default iSCSI targets...[975]: 
ci-info: |   0   |   0.0.0.0   | 10.0.2.2 |    0.0.0.0    |   enp0s3  |   UG  |
[   29.194557] cloud-init[975]: ci-info: |   1   |   10.0.2.0  | 0.0.0.0  | 255.255.255.0 |   enp0s3  |   U   |
[   29.224317] [cloud-init[0;32m  OK  [0m[975]: ] ci-info: +-------+-------------+----------+---------------+-----------+-------+Started Login to default iSCSI targets.

[[0;32m  OK  [0m] Reached target Remote File Systems (Pre).
[[0;32m  OK  [0m] Reached target Remote File Systems.
         Starting LSB: daemon to balance interrupts for SMP systems...
[   29.224618] cloud-init[975]: Generating public/private rsa key pair.
[   29.270534] cloud-init[975]: Your identification has been saved in /etc/ssh/ssh_host_rsa_key.
[   29.272921] cloud-init[975]: Your public key has been saved in /etc/ssh/ssh_host_rsa_key.pub.
[   29.276218] cloud-init[975]: The key fingerprint is:
[   29.286074] cloud-init[975]: SHA256:UmC/Ob7colPxZTcPJtV5CfKoSNsTCyLUyWzmdAtTCxE root@ubuntu-xenial
[   29.286322] cloud-init[975]: The key's randomart image is:
         Starting Permit User Sessions...
[   29.286451] cloud-init[975]: +---[RSA 2048]----+
[   29.310260] cloud-init[975]: |   .+EB.   . ...o|
[   29.311013] cloud-init[975]: |  .  %.+.   + .oo|
[   29.321746] cloud-init[975]: |   .=.+++. . o  .|
         [   29.337605] cloud-init[975]: |    ..oo*o+ + =  |
[   29.337795] cloud-init[975]: |      .oSB o + + |
[   29.337935] cloud-init[975]: |       o..o     .|
[   29.338096] cloud-init[975]: |       ..        |
[   29.338245] cloud-init[975]: |      ...o       |
[   29.338390] cloud-init[975]: |      .oo..      |
[   29.338528] cloud-init[975]: +----[SHA256]-----+
[   29.338660] cloud-init[975]: Generating public/private dsa key pair.
[   29.338795] cloud-init[975]: Your identification has been saved in /etc/ssh/ssh_host_dsa_key.
Starting LSB: automatic crash report generation...
[   29.338911] cloud-init[975]: Your public key has been saved in /etc/ssh/ssh_host_dsa_key.pub.
[   29.413821] cloud-init[975]: The key fingerprint is:
[   29.414783] cloud-init[975]: SHA256:rhFZh7mtpvbWnwNZ0c6nbLIrswLLp2rUm/VrI2lzNcY root@ubuntu-xenial
[   29.417123] cloud-init[975]: The key's randomart image is:
[   29.418220] cloud-init[975]: +---[DSA 1024]----+
[   29.419221] cloud-init[975]: |             .   |
[   29.420078] cloud-init[975]: |         o  . .  |
[   29.420950] cloud-init[975]: |        + .  +   |
[   29.421813] cloud-init[975]: |       o +  . o .|
[   29.424239] cloud-init[975]: |     .o S .+ . o |
         Starting LSB: Set the CPU Frequency Scaling governor to "ondemand"...
[   29.446970] cloud-init[975]: |    . oo..o E +  |
[   29.451290] cloud-init[975]: |   . ..*++ + =   |
[   29.452372] cloud-init[975]: |    . *=O O o.   |
[   29.453568] cloud-init[975]: |   ..o+*.*oB+o   |
[   29.454738] cloud-init[975]: +----[SHA256]-----+
[   29.455723] cloud-init[975]: Generating public/private ecdsa key pair.
[   29.456063] cloud-init[975]: Your identification has been saved in /etc/ssh/ssh_host_ecdsa_key.
[[0;32m  OK  [0m] Started Permit User Sessions.
[   29.456171] cloud-init[975]: Your public key has been saved in /etc/ssh/ssh_host_ecdsa_key.pub.
[   29.475261] cloud-init[975]: The key fingerprint is:
[   29.484917] cloud-init[975]: SHA256:0a+ZyR0gHiWOEawVZkjTgwRRxbaLE95qM4K5oOD0/N0 root@ubuntu-xenial
[   29.497926] cloud-init[975]: The key's randomart image is:
[   29.501084] cloud-init[975]: +---[ECDSA 256]---+
         Starting Hold until boot process finishes up...
[   29.501357] cloud-init[975]: |  o*=BBo. .      |
[   29.552863] cloud-init[975]: |    o+B+ +       |
[   29.555971] cloud-init[975]: |     +.o= o      |
[   29.558294] cloud-init[975]: |    o .. + o     |
[   29.572246] cloud-init[975]: |   . + .S   o    |
[   29.572388] cloud-init[975]: |    + o  . * .   |
         Starting Terminate Plymouth Boot Screen...
[   29.572481] cloud-init[975]: |o+   o    * .    |
[   29.591028] cloud-init[975]: |O + = . .        |
[   29.591562] cloud-init[975]: |oo =.+ . E       |
[   29.591714] cloud-init[975]: +----[SHA256]-----+
[   29.591797] cloud-init[975]: Generating public/private ed25519 key pair.
[   29.591885] cloud-init[975]: Your identification has been saved in /etc/ssh/ssh_host_ed25519_key.
[   29.591968] cloud-init[975]: Your public key has been saved in /etc/ssh/ssh_host_ed25519_key.pub.
[   29.592152] cloud-init[975]: The key fingerprint is:
[   29.592229] cloud-init[975]: SHA256:B8STNxQu7KBGnqAlRaF4J9MOMHo+FKddmRozaTe4FuI root@ubuntu-xenial
[   29.592312] cloud-init[975]: The key's randomart image is:
[   29.592401] cloud-init[975]: +--[ED25519 256]--+
[   29.592483] cloud-init[975]: |o.=..o.+.oo.     |
[   29.592568] cloud-init[975]: |o=.*O.=o+.o      |
[   29.592651] cloud-init[975]: |=.@o=O..+o..     |
[   29.592735] cloud-init[975]: | OEX+o o o       |
[   29.592821] cloud-init[975]: |. o.*   S .      |
[   29.592905] cloud-init[975]: |   o     .       |
[   29.592981] cloud-init[975]: |                 |
[[   29.593023] cloud-init[975]: |                 |
[0;32m  OK  [0m] Started LSB: Set the CPU Frequency Scaling governor to "ondemand".
[   29.593178] cloud-init[975]: |                 |
[   29.627190] cloud-init[975]: +----[SHA256]-----+
[[0;32m  OK  [0m] Started LSB: daemon to balance interrupts for SMP systems.
[[0;32m  OK  [0m] Started Hold until boot process finishes up.
[[0;32m  OK  [0m] Started LSB: automatic crash report generation.
[[0;32m  OK  [0m] Started Terminate Plymouth Boot Screen.
[   29.643098] cloud-init[1075]: Generating locales (this might take a while)...
[[0;32m  OK  [0m] Started Getty on tty1.
[[0;32m  OK  [0m] Started Serial Getty on ttyS0.
[[0;32m  OK  [0m] Reached target Login Prompts.
[   30.804522] cloud-init[1075]:   en_US.UTF-8... done
[   30.821534] cloud-init[1075]: Generation complete.
[[0;32m  OK  [0m] Started Seed the pseudo random number generator on first boot.
         Starting OpenBSD Secure Shell server...
[[0;32m  OK  [0m] Started OpenBSD Secure Shell server.
         Stopping OpenBSD Secure Shell server...
[[0;32m  OK  [0m] Stopped OpenBSD Secure Shell server.
         Starting OpenBSD Secure Shell server...
[[0;32m  OK  [0m] Started OpenBSD Secure Shell server.
[[0;32m  OK  [0m] Created slice User Slice of ubuntu.
         Starting User Manager for UID 1000...
[[0;32m  OK  [0m] Started Session 1 of user ubuntu.
[[0;32m  OK  [0m] Started User Manager for UID 1000.
[   31.955585] cloud-init[1075]: Cloud-init v. 0.7.7 running 'modules:config' at Fri, 10 Jun 2016 21:21:02 +0000. Up 29.28 seconds.
[[0;32m  OK  [0m] Started Apply the settings specified in cloud-config.
         Starting Execute cloud user/final scripts...
ci-info: no authorized ssh keys fingerprints found for user ubuntu.
<14>Jun 10 21:21:05 ec2: 
<14>Jun 10 21:21:05 ec2: #############################################################
<14>Jun 10 21:21:05 ec2: -----BEGIN SSH HOST KEY FINGERPRINTS-----
<14>Jun 10 21:21:05 ec2: 1024 SHA256:rhFZh7mtpvbWnwNZ0c6nbLIrswLLp2rUm/VrI2lzNcY root@ubuntu-xenial (DSA)
<14>Jun 10 21:21:05 ec2: 256 SHA256:0a+ZyR0gHiWOEawVZkjTgwRRxbaLE95qM4K5oOD0/N0 root@ubuntu-xenial (ECDSA)
<14>Jun 10 21:21:05 ec2: 256 SHA256:B8STNxQu7KBGnqAlRaF4J9MOMHo+FKddmRozaTe4FuI root@ubuntu-xenial (ED25519)
<14>Jun 10 21:21:05 ec2: 2048 SHA256:UmC/Ob7colPxZTcPJtV5CfKoSNsTCyLUyWzmdAtTCxE root@ubuntu-xenial (RSA)
<14>Jun 10 21:21:05 ec2: -----END SSH HOST KEY FINGERPRINTS-----
<14>Jun 10 21:21:05 ec2: #############################################################
-----BEGIN SSH HOST KEY KEYS-----
ecdsa-sha2-nistp256 AAAAE2VjZHNhLXNoYTItbmlzdHAyNTYAAAAIbmlzdHAyNTYAAABBBPdNmGdVQVTbhc7lJRlV3maauvZeg2ECvOqnUbvLohRFaDF992RunP5NC80cEOGJqt+pQsCIbck/RbLahTuoPQQ= root@ubuntu-xenial
ssh-ed25519 AAAAC3NzaC1lZDI1NTE5AAAAIPPjNOrdv9Qbx12wWhc2i9ilmuKxrYQhh9jMiMKstubo root@ubuntu-xenial
ssh-rsa AAAAB3NzaC1yc2EAAAADAQABAAABAQCxXdBs75t4G/6GZS4rsupa+spkcsMTq5FPkNPFPogmpl2r8/ZGgGMDUAPuX6pQ6fceAvjxx8mZJhIgxhqgR3NT7XJYl4X7fP3yGwrI7voAThnAi2S4uy/uk1ULVbezAPhYSkBF79xQOsN96IKCFQWKVgUKMpJqdh7PMHnlLPu2fByw95c7q//iN1m0hfiiawHrJJQz3tcjSiKw0aJ/Aas+XxGJbTcSzMqiv40vL8yxLgp4/Ym4tAzyctvgS2UWdRbIoDkGsCmiNskKLEcbEe8JL6MtHwYwAsrWjV4DxoOQX19hBspNCjw5lZ9POjirvLAdWNE5qnHCqOqP9wGM+9TJ root@ubuntu-xenial
-----END SSH HOST KEY KEYS-----
[   32.686732] cloud-init[1294]: Cloud-init v. 0.7.7 running 'modules:final' at Fri, 10 Jun 2016 21:21:05 +0000. Up 32.37 seconds.
[   32.792294] cloud-init[1294]: ci-info: no authorized ssh keys fingerprints found for user ubuntu.
[   32.832326] cloud-init[1294]: Cloud-init v. 0.7.7 finished at Fri, 10 Jun 2016 21:21:05 +0000. Datasource DataSourceNoCloudNet [seed=/dev/sdb][dsmode=net].  Up 32.67 seconds
[[0;32m  OK  [0m] Started Execute cloud user/final scripts.
[[0;32m  OK  [0m] Reached target Cloud-init target.
[[0;32m  OK  [0m] Reached target Multi-User System.
[[0;32m  OK  [0m] Reached target Graphical Interface.
         Starting Update UTMP about System Runlevel Changes...
[[0;32m  OK  [0m] Started Update UTMP about System Runlevel Changes.

Ubuntu 16.04 LTS ubuntu-xenial ttyS0

ubuntu-xenial login: 